Command: vcs -full64 -sverilog -timescale=1ns/1ps -debug_access+all -kdb -lca +v2k \
-top tb_dllp_handler src/packages/pcie_datalink_pkg.sv src/crc/pcie_dllp_crc8.v src/crc/pcie_datalink_crc.sv \
src/verilog-axis/rtl/axis_register.v src/dllp/dllp_handler.sv tb/dllp/tb_dllp_handler.sv \
-o simv -l compile.log
                         Chronologic VCS (TM)
       Version X-2025.06-SP1_Full64 -- Fri Jul 10 13:19:50 2026

                    Copyright (c) 1991 - 2025 Synopsys, Inc.
   This software and the associated documentation are proprietary to Synopsys,
 Inc. This software may only be used in accordance with the terms and conditions
 of a written license agreement with Synopsys, Inc. All other use, reproduction,
   or distribution of this software is strictly prohibited.  Licensed Products
     communicate with Synopsys servers for the purpose of providing software
    updates, detecting software piracy and verifying that customers are using
    Licensed Products in conformity with the applicable License Key for such
  Licensed Products. Synopsys will use information gathered in connection with
    this process to deliver software updates and pursue software pirates and
                                   infringers.

 Inclusivity & Diversity - Visit SolvNetPlus to read the "Synopsys Statement on
            Inclusivity and Diversity" (Refer to article 000036315 at
                        https://solvnetplus.synopsys.com)


Warning-[LCA_FEATURES_ENABLED] Usage warning
  LCA features enabled by '-lca' argument on the command line.  For more 
  information regarding list of LCA features please refer to Chapter "LCA 
  features" in the VCS Release Notes

Parsing design file 'src/packages/pcie_datalink_pkg.sv'
Parsing design file 'src/crc/pcie_dllp_crc8.v'
Parsing design file 'src/crc/pcie_datalink_crc.sv'
Parsing design file 'src/verilog-axis/rtl/axis_register.v'
Parsing design file 'src/dllp/dllp_handler.sv'
Parsing design file 'tb/dllp/tb_dllp_handler.sv'
Top Level Modules:
       tb_dllp_handler
TimeScale is 1 ns / 1 ps
Starting vcs inline pass...
5 modules and 0 UDP read.
recompiling package pcie_datalink_pkg
recompiling module pcie_dllp_crc8
recompiling module pcie_datalink_crc
recompiling module dllp_handler
recompiling module tb_dllp_handler
All of 5 modules done
make[1]: Entering directory '/home/sahajoyd/Desktop/PCIE_All/pcie_datalink_layer/csrc' \

rm -f _cuarc*.so _csrc*.so pre_vcsobj_*.so share_vcsobj_*.so
if [ -x ../simv ]; then chmod a-x ../simv; fi
g++  -o ../simv      -rdynamic  -Wl,-rpath='$ORIGIN'/simv.daidir -Wl,-rpath=./simv.daidir \
-Wl,-rpath=/eda/installed_tools/vcs/X-2025.06-SP1/linux64/lib -L/eda/installed_tools/vcs/X-2025.06-SP1/linux64/lib \
-Wl,-rpath-link=./  /usr/lib64/libnuma.so.1   objs/amcQw_d.o  _710502_archive_1.so \
SIM_l.o      rmapats_mop.o rmapats.o rmar.o rmar_nd.o  rmar_llvm_0_1.o rmar_llvm_0_0.o \
-lvirsim -lerrorinf -lsnpsmalloc -lvfs      -lvcsnew -ldistsimclient -lsimprofile \
-luclinative /eda/installed_tools/vcs/X-2025.06-SP1/linux64/lib/vcs_tls.o   -Wl,-whole-archive \
-lvcsucli    -Wl,-no-whole-archive       _vcs_pli_stub_.o   /eda/installed_tools/vcs/X-2025.06-SP1/linux64/lib/vcs_save_restore_new.o \
/eda/installed_tools/verdi/X-2025.06/share/PLI/VCS/LINUX64/pli.a -ldl  -lc -lm -lpthread \
-ldl 
../simv up to date
make[1]: Leaving directory '/home/sahajoyd/Desktop/PCIE_All/pcie_datalink_layer/csrc' \

CPU time: .672 seconds to compile + .331 seconds to elab + .280 seconds to link
Verdi KDB elaboration done and the database successfully generated
